PHPUnit 10.5.17 by Sebastian Bergmann and contributors.

Runtime:       PHP 8.2.26
Configuration: /home/user/next_ecommerce/phpunit.xml

EEEEE                                                               5 / 5 (100%)

Time: 00:00.983, Memory: 36.50 MB

There were 5 errors:

1) Tests\Unit\ChatControllerTest::test_send_message
Illuminate\Database\QueryException: SQLSTATE[HY000]: General error: 1 table "chat_messages" already exists (Connection: sqlite, SQL: create table "chat_messages" ("id" integer primary key autoincrement not null, "chat_id" integer, "sender_id" integer not null, "receiver_id" integer not null, "message_content" text not null, "timestamp" datetime not null, "created_at" datetime, "updated_at" datetime))

/home/user/next_ecommerce/vendor/laravel/framework/src/Illuminate/Database/Connection.php:829
/home/user/next_ecommerce/vendor/laravel/framework/src/Illuminate/Database/Connection.php:783
/home/user/next_ecommerce/vendor/laravel/framework/src/Illuminate/Database/Connection.php:576
/home/user/next_ecommerce/vendor/laravel/framework/src/Illuminate/Database/Schema/Blueprint.php:110
/home/user/next_ecommerce/vendor/laravel/framework/src/Illuminate/Database/Schema/Builder.php:602
/home/user/next_ecommerce/vendor/laravel/framework/src/Illuminate/Database/Schema/Builder.php:456
/home/user/next_ecommerce/vendor/laravel/framework/src/Illuminate/Support/Facades/Facade.php:355
/home/user/next_ecommerce/database/migrations/2025_02_02_090142_create_chat_messages_table.php:14
/home/user/next_ecommerce/vendor/laravel/framework/src/Illuminate/Database/Migrations/Migrator.php:493
/home/user/next_ecommerce/vendor/laravel/framework/src/Illuminate/Database/Migrations/Migrator.php:410
/home/user/next_ecommerce/vendor/laravel/framework/src/Illuminate/Database/Migrations/Migrator.php:419
/home/user/next_ecommerce/vendor/laravel/framework/src/Illuminate/Database/Migrations/Migrator.php:216
/home/user/next_ecommerce/vendor/laravel/framework/src/Illuminate/Console/View/Components/Task.php:37
/home/user/next_ecommerce/vendor/laravel/framework/src/Illuminate/Database/Migrations/Migrator.php:756
/home/user/next_ecommerce/vendor/laravel/framework/src/Illuminate/Database/Migrations/Migrator.php:216
/home/user/next_ecommerce/vendor/laravel/framework/src/Illuminate/Database/Migrations/Migrator.php:181
/home/user/next_ecommerce/vendor/laravel/framework/src/Illuminate/Database/Migrations/Migrator.php:124
/home/user/next_ecommerce/vendor/laravel/framework/src/Illuminate/Database/Console/Migrations/MigrateCommand.php:90
/home/user/next_ecommerce/vendor/laravel/framework/src/Illuminate/Database/Migrations/Migrator.php:633
/home/user/next_ecommerce/vendor/laravel/framework/src/Illuminate/Database/Console/Migrations/MigrateCommand.php:83
/home/user/next_ecommerce/vendor/laravel/framework/src/Illuminate/Container/BoundMethod.php:36
/home/user/next_ecommerce/vendor/laravel/framework/src/Illuminate/Container/Util.php:41
/home/user/next_ecommerce/vendor/laravel/framework/src/Illuminate/Container/BoundMethod.php:93
/home/user/next_ecommerce/vendor/laravel/framework/src/Illuminate/Container/BoundMethod.php:35
/home/user/next_ecommerce/vendor/laravel/framework/src/Illuminate/Container/Container.php:662
/home/user/next_ecommerce/vendor/laravel/framework/src/Illuminate/Console/Command.php:211
/home/user/next_ecommerce/vendor/symfony/console/Command/Command.php:326
/home/user/next_ecommerce/vendor/laravel/framework/src/Illuminate/Console/Command.php:180
/home/user/next_ecommerce/vendor/symfony/console/Application.php:1078
/home/user/next_ecommerce/vendor/symfony/console/Application.php:324
/home/user/next_ecommerce/vendor/symfony/console/Application.php:175
/home/user/next_ecommerce/vendor/laravel/framework/src/Illuminate/Console/Application.php:162
/home/user/next_ecommerce/vendor/laravel/framework/src/Illuminate/Foundation/Console/Kernel.php:400
/home/user/next_ecommerce/vendor/laravel/framework/src/Illuminate/Testing/PendingCommand.php:297
/home/user/next_ecommerce/vendor/laravel/framework/src/Illuminate/Testing/PendingCommand.php:484
/home/user/next_ecommerce/vendor/laravel/framework/src/Illuminate/Foundation/Testing/Concerns/InteractsWithConsole.php:80
/home/user/next_ecommerce/vendor/laravel/framework/src/Illuminate/Foundation/Testing/RefreshDatabase.php:47
/home/user/next_ecommerce/vendor/laravel/framework/src/Illuminate/Foundation/Testing/RefreshDatabase.php:22
/home/user/next_ecommerce/vendor/laravel/framework/src/Illuminate/Foundation/Testing/Concerns/InteractsWithTestCaseLifecycle.php:183
/home/user/next_ecommerce/vendor/laravel/framework/src/Illuminate/Foundation/Testing/Concerns/InteractsWithTestCaseLifecycle.php:84
/home/user/next_ecommerce/vendor/laravel/framework/src/Illuminate/Foundation/Testing/TestCase.php:40
/home/user/next_ecommerce/tests/TestCase.php:14

Caused by
PDOException: SQLSTATE[HY000]: General error: 1 table "chat_messages" already exists

/home/user/next_ecommerce/vendor/laravel/framework/src/Illuminate/Database/Connection.php:581
/home/user/next_ecommerce/vendor/laravel/framework/src/Illuminate/Database/Connection.php:816
/home/user/next_ecommerce/vendor/laravel/framework/src/Illuminate/Database/Connection.php:783
/home/user/next_ecommerce/vendor/laravel/framework/src/Illuminate/Database/Connection.php:576
/home/user/next_ecommerce/vendor/laravel/framework/src/Illuminate/Database/Schema/Blueprint.php:110
/home/user/next_ecommerce/vendor/laravel/framework/src/Illuminate/Database/Schema/Builder.php:602
/home/user/next_ecommerce/vendor/laravel/framework/src/Illuminate/Database/Schema/Builder.php:456
/home/user/next_ecommerce/vendor/laravel/framework/src/Illuminate/Support/Facades/Facade.php:355
/home/user/next_ecommerce/database/migrations/2025_02_02_090142_create_chat_messages_table.php:14
/home/user/next_ecommerce/vendor/laravel/framework/src/Illuminate/Database/Migrations/Migrator.php:493
/home/user/next_ecommerce/vendor/laravel/framework/src/Illuminate/Database/Migrations/Migrator.php:410
/home/user/next_ecommerce/vendor/laravel/framework/src/Illuminate/Database/Migrations/Migrator.php:419
/home/user/next_ecommerce/vendor/laravel/framework/src/Illuminate/Database/Migrations/Migrator.php:216
/home/user/next_ecommerce/vendor/laravel/framework/src/Illuminate/Console/View/Components/Task.php:37
/home/user/next_ecommerce/vendor/laravel/framework/src/Illuminate/Database/Migrations/Migrator.php:756
/home/user/next_ecommerce/vendor/laravel/framework/src/Illuminate/Database/Migrations/Migrator.php:216
/home/user/next_ecommerce/vendor/laravel/framework/src/Illuminate/Database/Migrations/Migrator.php:181
/home/user/next_ecommerce/vendor/laravel/framework/src/Illuminate/Database/Migrations/Migrator.php:124
/home/user/next_ecommerce/vendor/laravel/framework/src/Illuminate/Database/Console/Migrations/MigrateCommand.php:90
/home/user/next_ecommerce/vendor/laravel/framework/src/Illuminate/Database/Migrations/Migrator.php:633
/home/user/next_ecommerce/vendor/laravel/framework/src/Illuminate/Database/Console/Migrations/MigrateCommand.php:83
/home/user/next_ecommerce/vendor/laravel/framework/src/Illuminate/Container/BoundMethod.php:36
/home/user/next_ecommerce/vendor/laravel/framework/src/Illuminate/Container/Util.php:41
/home/user/next_ecommerce/vendor/laravel/framework/src/Illuminate/Container/BoundMethod.php:93
/home/user/next_ecommerce/vendor/laravel/framework/src/Illuminate/Container/BoundMethod.php:35
/home/user/next_ecommerce/vendor/laravel/framework/src/Illuminate/Container/Container.php:662
/home/user/next_ecommerce/vendor/laravel/framework/src/Illuminate/Console/Command.php:211
/home/user/next_ecommerce/vendor/symfony/console/Command/Command.php:326
/home/user/next_ecommerce/vendor/laravel/framework/src/Illuminate/Console/Command.php:180
/home/user/next_ecommerce/vendor/symfony/console/Application.php:1078
/home/user/next_ecommerce/vendor/symfony/console/Application.php:324
/home/user/next_ecommerce/vendor/symfony/console/Application.php:175
/home/user/next_ecommerce/vendor/laravel/framework/src/Illuminate/Console/Application.php:162
/home/user/next_ecommerce/vendor/laravel/framework/src/Illuminate/Foundation/Console/Kernel.php:400
/home/user/next_ecommerce/vendor/laravel/framework/src/Illuminate/Testing/PendingCommand.php:297
/home/user/next_ecommerce/vendor/laravel/framework/src/Illuminate/Testing/PendingCommand.php:484
/home/user/next_ecommerce/vendor/laravel/framework/src/Illuminate/Foundation/Testing/Concerns/InteractsWithConsole.php:80
/home/user/next_ecommerce/vendor/laravel/framework/src/Illuminate/Foundation/Testing/RefreshDatabase.php:47
/home/user/next_ecommerce/vendor/laravel/framework/src/Illuminate/Foundation/Testing/RefreshDatabase.php:22
/home/user/next_ecommerce/vendor/laravel/framework/src/Illuminate/Foundation/Testing/Concerns/InteractsWithTestCaseLifecycle.php:183
/home/user/next_ecommerce/vendor/laravel/framework/src/Illuminate/Foundation/Testing/Concerns/InteractsWithTestCaseLifecycle.php:84
/home/user/next_ecommerce/vendor/laravel/framework/src/Illuminate/Foundation/Testing/TestCase.php:40
/home/user/next_ecommerce/tests/TestCase.php:14

2) Tests\Unit\ChatControllerTest::test_get_messages
Illuminate\Database\QueryException: SQLSTATE[HY000]: General error: 1 table "chat_messages" already exists (Connection: sqlite, SQL: create table "chat_messages" ("id" integer primary key autoincrement not null, "chat_id" integer, "sender_id" integer not null, "receiver_id" integer not null, "message_content" text not null, "timestamp" datetime not null, "created_at" datetime, "updated_at" datetime))

/home/user/next_ecommerce/vendor/laravel/framework/src/Illuminate/Database/Connection.php:829
/home/user/next_ecommerce/vendor/laravel/framework/src/Illuminate/Database/Connection.php:783
/home/user/next_ecommerce/vendor/laravel/framework/src/Illuminate/Database/Connection.php:576
/home/user/next_ecommerce/vendor/laravel/framework/src/Illuminate/Database/Schema/Blueprint.php:110
/home/user/next_ecommerce/vendor/laravel/framework/src/Illuminate/Database/Schema/Builder.php:602
/home/user/next_ecommerce/vendor/laravel/framework/src/Illuminate/Database/Schema/Builder.php:456
/home/user/next_ecommerce/vendor/laravel/framework/src/Illuminate/Support/Facades/Facade.php:355
/home/user/next_ecommerce/database/migrations/2025_02_02_090142_create_chat_messages_table.php:14
/home/user/next_ecommerce/vendor/laravel/framework/src/Illuminate/Database/Migrations/Migrator.php:493
/home/user/next_ecommerce/vendor/laravel/framework/src/Illuminate/Database/Migrations/Migrator.php:410
/home/user/next_ecommerce/vendor/laravel/framework/src/Illuminate/Database/Migrations/Migrator.php:419
/home/user/next_ecommerce/vendor/laravel/framework/src/Illuminate/Database/Migrations/Migrator.php:216
/home/user/next_ecommerce/vendor/laravel/framework/src/Illuminate/Console/View/Components/Task.php:37
/home/user/next_ecommerce/vendor/laravel/framework/src/Illuminate/Database/Migrations/Migrator.php:756
/home/user/next_ecommerce/vendor/laravel/framework/src/Illuminate/Database/Migrations/Migrator.php:216
/home/user/next_ecommerce/vendor/laravel/framework/src/Illuminate/Database/Migrations/Migrator.php:181
/home/user/next_ecommerce/vendor/laravel/framework/src/Illuminate/Database/Migrations/Migrator.php:124
/home/user/next_ecommerce/vendor/laravel/framework/src/Illuminate/Database/Console/Migrations/MigrateCommand.php:90
/home/user/next_ecommerce/vendor/laravel/framework/src/Illuminate/Database/Migrations/Migrator.php:633
/home/user/next_ecommerce/vendor/laravel/framework/src/Illuminate/Database/Console/Migrations/MigrateCommand.php:83
/home/user/next_ecommerce/vendor/laravel/framework/src/Illuminate/Container/BoundMethod.php:36
/home/user/next_ecommerce/vendor/laravel/framework/src/Illuminate/Container/Util.php:41
/home/user/next_ecommerce/vendor/laravel/framework/src/Illuminate/Container/BoundMethod.php:93
/home/user/next_ecommerce/vendor/laravel/framework/src/Illuminate/Container/BoundMethod.php:35
/home/user/next_ecommerce/vendor/laravel/framework/src/Illuminate/Container/Container.php:662
/home/user/next_ecommerce/vendor/laravel/framework/src/Illuminate/Console/Command.php:211
/home/user/next_ecommerce/vendor/symfony/console/Command/Command.php:326
/home/user/next_ecommerce/vendor/laravel/framework/src/Illuminate/Console/Command.php:180
/home/user/next_ecommerce/vendor/symfony/console/Application.php:1078
/home/user/next_ecommerce/vendor/symfony/console/Application.php:324
/home/user/next_ecommerce/vendor/symfony/console/Application.php:175
/home/user/next_ecommerce/vendor/laravel/framework/src/Illuminate/Console/Application.php:162
/home/user/next_ecommerce/vendor/laravel/framework/src/Illuminate/Foundation/Console/Kernel.php:400
/home/user/next_ecommerce/vendor/laravel/framework/src/Illuminate/Testing/PendingCommand.php:297
/home/user/next_ecommerce/vendor/laravel/framework/src/Illuminate/Testing/PendingCommand.php:484
/home/user/next_ecommerce/vendor/laravel/framework/src/Illuminate/Foundation/Testing/Concerns/InteractsWithConsole.php:80
/home/user/next_ecommerce/vendor/laravel/framework/src/Illuminate/Foundation/Testing/RefreshDatabase.php:47
/home/user/next_ecommerce/vendor/laravel/framework/src/Illuminate/Foundation/Testing/RefreshDatabase.php:22
/home/user/next_ecommerce/vendor/laravel/framework/src/Illuminate/Foundation/Testing/Concerns/InteractsWithTestCaseLifecycle.php:183
/home/user/next_ecommerce/vendor/laravel/framework/src/Illuminate/Foundation/Testing/Concerns/InteractsWithTestCaseLifecycle.php:84
/home/user/next_ecommerce/vendor/laravel/framework/src/Illuminate/Foundation/Testing/TestCase.php:40
/home/user/next_ecommerce/tests/TestCase.php:14

Caused by
PDOException: SQLSTATE[HY000]: General error: 1 table "chat_messages" already exists

/home/user/next_ecommerce/vendor/laravel/framework/src/Illuminate/Database/Connection.php:581
/home/user/next_ecommerce/vendor/laravel/framework/src/Illuminate/Database/Connection.php:816
/home/user/next_ecommerce/vendor/laravel/framework/src/Illuminate/Database/Connection.php:783
/home/user/next_ecommerce/vendor/laravel/framework/src/Illuminate/Database/Connection.php:576
/home/user/next_ecommerce/vendor/laravel/framework/src/Illuminate/Database/Schema/Blueprint.php:110
/home/user/next_ecommerce/vendor/laravel/framework/src/Illuminate/Database/Schema/Builder.php:602
/home/user/next_ecommerce/vendor/laravel/framework/src/Illuminate/Database/Schema/Builder.php:456
/home/user/next_ecommerce/vendor/laravel/framework/src/Illuminate/Support/Facades/Facade.php:355
/home/user/next_ecommerce/database/migrations/2025_02_02_090142_create_chat_messages_table.php:14
/home/user/next_ecommerce/vendor/laravel/framework/src/Illuminate/Database/Migrations/Migrator.php:493
/home/user/next_ecommerce/vendor/laravel/framework/src/Illuminate/Database/Migrations/Migrator.php:410
/home/user/next_ecommerce/vendor/laravel/framework/src/Illuminate/Database/Migrations/Migrator.php:419
/home/user/next_ecommerce/vendor/laravel/framework/src/Illuminate/Database/Migrations/Migrator.php:216
/home/user/next_ecommerce/vendor/laravel/framework/src/Illuminate/Console/View/Components/Task.php:37
/home/user/next_ecommerce/vendor/laravel/framework/src/Illuminate/Database/Migrations/Migrator.php:756
/home/user/next_ecommerce/vendor/laravel/framework/src/Illuminate/Database/Migrations/Migrator.php:216
/home/user/next_ecommerce/vendor/laravel/framework/src/Illuminate/Database/Migrations/Migrator.php:181
/home/user/next_ecommerce/vendor/laravel/framework/src/Illuminate/Database/Migrations/Migrator.php:124
/home/user/next_ecommerce/vendor/laravel/framework/src/Illuminate/Database/Console/Migrations/MigrateCommand.php:90
/home/user/next_ecommerce/vendor/laravel/framework/src/Illuminate/Database/Migrations/Migrator.php:633
/home/user/next_ecommerce/vendor/laravel/framework/src/Illuminate/Database/Console/Migrations/MigrateCommand.php:83
/home/user/next_ecommerce/vendor/laravel/framework/src/Illuminate/Container/BoundMethod.php:36
/home/user/next_ecommerce/vendor/laravel/framework/src/Illuminate/Container/Util.php:41
/home/user/next_ecommerce/vendor/laravel/framework/src/Illuminate/Container/BoundMethod.php:93
/home/user/next_ecommerce/vendor/laravel/framework/src/Illuminate/Container/BoundMethod.php:35
/home/user/next_ecommerce/vendor/laravel/framework/src/Illuminate/Container/Container.php:662
/home/user/next_ecommerce/vendor/laravel/framework/src/Illuminate/Console/Command.php:211
/home/user/next_ecommerce/vendor/symfony/console/Command/Command.php:326
/home/user/next_ecommerce/vendor/laravel/framework/src/Illuminate/Console/Command.php:180
/home/user/next_ecommerce/vendor/symfony/console/Application.php:1078
/home/user/next_ecommerce/vendor/symfony/console/Application.php:324
/home/user/next_ecommerce/vendor/symfony/console/Application.php:175
/home/user/next_ecommerce/vendor/laravel/framework/src/Illuminate/Console/Application.php:162
/home/user/next_ecommerce/vendor/laravel/framework/src/Illuminate/Foundation/Console/Kernel.php:400
/home/user/next_ecommerce/vendor/laravel/framework/src/Illuminate/Testing/PendingCommand.php:297
/home/user/next_ecommerce/vendor/laravel/framework/src/Illuminate/Testing/PendingCommand.php:484
/home/user/next_ecommerce/vendor/laravel/framework/src/Illuminate/Foundation/Testing/Concerns/InteractsWithConsole.php:80
/home/user/next_ecommerce/vendor/laravel/framework/src/Illuminate/Foundation/Testing/RefreshDatabase.php:47
/home/user/next_ecommerce/vendor/laravel/framework/src/Illuminate/Foundation/Testing/RefreshDatabase.php:22
/home/user/next_ecommerce/vendor/laravel/framework/src/Illuminate/Foundation/Testing/Concerns/InteractsWithTestCaseLifecycle.php:183
/home/user/next_ecommerce/vendor/laravel/framework/src/Illuminate/Foundation/Testing/Concerns/InteractsWithTestCaseLifecycle.php:84
/home/user/next_ecommerce/vendor/laravel/framework/src/Illuminate/Foundation/Testing/TestCase.php:40
/home/user/next_ecommerce/tests/TestCase.php:14

3) Tests\Unit\ChatControllerTest::test_agent_typing
Illuminate\Database\QueryException: SQLSTATE[HY000]: General error: 1 table "chat_messages" already exists (Connection: sqlite, SQL: create table "chat_messages" ("id" integer primary key autoincrement not null, "chat_id" integer, "sender_id" integer not null, "receiver_id" integer not null, "message_content" text not null, "timestamp" datetime not null, "created_at" datetime, "updated_at" datetime))

/home/user/next_ecommerce/vendor/laravel/framework/src/Illuminate/Database/Connection.php:829
/home/user/next_ecommerce/vendor/laravel/framework/src/Illuminate/Database/Connection.php:783
/home/user/next_ecommerce/vendor/laravel/framework/src/Illuminate/Database/Connection.php:576
/home/user/next_ecommerce/vendor/laravel/framework/src/Illuminate/Database/Schema/Blueprint.php:110
/home/user/next_ecommerce/vendor/laravel/framework/src/Illuminate/Database/Schema/Builder.php:602
/home/user/next_ecommerce/vendor/laravel/framework/src/Illuminate/Database/Schema/Builder.php:456
/home/user/next_ecommerce/vendor/laravel/framework/src/Illuminate/Support/Facades/Facade.php:355
/home/user/next_ecommerce/database/migrations/2025_02_02_090142_create_chat_messages_table.php:14
/home/user/next_ecommerce/vendor/laravel/framework/src/Illuminate/Database/Migrations/Migrator.php:493
/home/user/next_ecommerce/vendor/laravel/framework/src/Illuminate/Database/Migrations/Migrator.php:410
/home/user/next_ecommerce/vendor/laravel/framework/src/Illuminate/Database/Migrations/Migrator.php:419
/home/user/next_ecommerce/vendor/laravel/framework/src/Illuminate/Database/Migrations/Migrator.php:216
/home/user/next_ecommerce/vendor/laravel/framework/src/Illuminate/Console/View/Components/Task.php:37
/home/user/next_ecommerce/vendor/laravel/framework/src/Illuminate/Database/Migrations/Migrator.php:756
/home/user/next_ecommerce/vendor/laravel/framework/src/Illuminate/Database/Migrations/Migrator.php:216
/home/user/next_ecommerce/vendor/laravel/framework/src/Illuminate/Database/Migrations/Migrator.php:181
/home/user/next_ecommerce/vendor/laravel/framework/src/Illuminate/Database/Migrations/Migrator.php:124
/home/user/next_ecommerce/vendor/laravel/framework/src/Illuminate/Database/Console/Migrations/MigrateCommand.php:90
/home/user/next_ecommerce/vendor/laravel/framework/src/Illuminate/Database/Migrations/Migrator.php:633
/home/user/next_ecommerce/vendor/laravel/framework/src/Illuminate/Database/Console/Migrations/MigrateCommand.php:83
/home/user/next_ecommerce/vendor/laravel/framework/src/Illuminate/Container/BoundMethod.php:36
/home/user/next_ecommerce/vendor/laravel/framework/src/Illuminate/Container/Util.php:41
/home/user/next_ecommerce/vendor/laravel/framework/src/Illuminate/Container/BoundMethod.php:93
/home/user/next_ecommerce/vendor/laravel/framework/src/Illuminate/Container/BoundMethod.php:35
/home/user/next_ecommerce/vendor/laravel/framework/src/Illuminate/Container/Container.php:662
/home/user/next_ecommerce/vendor/laravel/framework/src/Illuminate/Console/Command.php:211
/home/user/next_ecommerce/vendor/symfony/console/Command/Command.php:326
/home/user/next_ecommerce/vendor/laravel/framework/src/Illuminate/Console/Command.php:180
/home/user/next_ecommerce/vendor/symfony/console/Application.php:1078
/home/user/next_ecommerce/vendor/symfony/console/Application.php:324
/home/user/next_ecommerce/vendor/symfony/console/Application.php:175
/home/user/next_ecommerce/vendor/laravel/framework/src/Illuminate/Console/Application.php:162
/home/user/next_ecommerce/vendor/laravel/framework/src/Illuminate/Foundation/Console/Kernel.php:400
/home/user/next_ecommerce/vendor/laravel/framework/src/Illuminate/Testing/PendingCommand.php:297
/home/user/next_ecommerce/vendor/laravel/framework/src/Illuminate/Testing/PendingCommand.php:484
/home/user/next_ecommerce/vendor/laravel/framework/src/Illuminate/Foundation/Testing/Concerns/InteractsWithConsole.php:80
/home/user/next_ecommerce/vendor/laravel/framework/src/Illuminate/Foundation/Testing/RefreshDatabase.php:47
/home/user/next_ecommerce/vendor/laravel/framework/src/Illuminate/Foundation/Testing/RefreshDatabase.php:22
/home/user/next_ecommerce/vendor/laravel/framework/src/Illuminate/Foundation/Testing/Concerns/InteractsWithTestCaseLifecycle.php:183
/home/user/next_ecommerce/vendor/laravel/framework/src/Illuminate/Foundation/Testing/Concerns/InteractsWithTestCaseLifecycle.php:84
/home/user/next_ecommerce/vendor/laravel/framework/src/Illuminate/Foundation/Testing/TestCase.php:40
/home/user/next_ecommerce/tests/TestCase.php:14

Caused by
PDOException: SQLSTATE[HY000]: General error: 1 table "chat_messages" already exists

/home/user/next_ecommerce/vendor/laravel/framework/src/Illuminate/Database/Connection.php:581
/home/user/next_ecommerce/vendor/laravel/framework/src/Illuminate/Database/Connection.php:816
/home/user/next_ecommerce/vendor/laravel/framework/src/Illuminate/Database/Connection.php:783
/home/user/next_ecommerce/vendor/laravel/framework/src/Illuminate/Database/Connection.php:576
/home/user/next_ecommerce/vendor/laravel/framework/src/Illuminate/Database/Schema/Blueprint.php:110
/home/user/next_ecommerce/vendor/laravel/framework/src/Illuminate/Database/Schema/Builder.php:602
/home/user/next_ecommerce/vendor/laravel/framework/src/Illuminate/Database/Schema/Builder.php:456
/home/user/next_ecommerce/vendor/laravel/framework/src/Illuminate/Support/Facades/Facade.php:355
/home/user/next_ecommerce/database/migrations/2025_02_02_090142_create_chat_messages_table.php:14
/home/user/next_ecommerce/vendor/laravel/framework/src/Illuminate/Database/Migrations/Migrator.php:493
/home/user/next_ecommerce/vendor/laravel/framework/src/Illuminate/Database/Migrations/Migrator.php:410
/home/user/next_ecommerce/vendor/laravel/framework/src/Illuminate/Database/Migrations/Migrator.php:419
/home/user/next_ecommerce/vendor/laravel/framework/src/Illuminate/Database/Migrations/Migrator.php:216
/home/user/next_ecommerce/vendor/laravel/framework/src/Illuminate/Console/View/Components/Task.php:37
/home/user/next_ecommerce/vendor/laravel/framework/src/Illuminate/Database/Migrations/Migrator.php:756
/home/user/next_ecommerce/vendor/laravel/framework/src/Illuminate/Database/Migrations/Migrator.php:216
/home/user/next_ecommerce/vendor/laravel/framework/src/Illuminate/Database/Migrations/Migrator.php:181
/home/user/next_ecommerce/vendor/laravel/framework/src/Illuminate/Database/Migrations/Migrator.php:124
/home/user/next_ecommerce/vendor/laravel/framework/src/Illuminate/Database/Console/Migrations/MigrateCommand.php:90
/home/user/next_ecommerce/vendor/laravel/framework/src/Illuminate/Database/Migrations/Migrator.php:633
/home/user/next_ecommerce/vendor/laravel/framework/src/Illuminate/Database/Console/Migrations/MigrateCommand.php:83
/home/user/next_ecommerce/vendor/laravel/framework/src/Illuminate/Container/BoundMethod.php:36
/home/user/next_ecommerce/vendor/laravel/framework/src/Illuminate/Container/Util.php:41
/home/user/next_ecommerce/vendor/laravel/framework/src/Illuminate/Container/BoundMethod.php:93
/home/user/next_ecommerce/vendor/laravel/framework/src/Illuminate/Container/BoundMethod.php:35
/home/user/next_ecommerce/vendor/laravel/framework/src/Illuminate/Container/Container.php:662
/home/user/next_ecommerce/vendor/laravel/framework/src/Illuminate/Console/Command.php:211
/home/user/next_ecommerce/vendor/symfony/console/Command/Command.php:326
/home/user/next_ecommerce/vendor/laravel/framework/src/Illuminate/Console/Command.php:180
/home/user/next_ecommerce/vendor/symfony/console/Application.php:1078
/home/user/next_ecommerce/vendor/symfony/console/Application.php:324
/home/user/next_ecommerce/vendor/symfony/console/Application.php:175
/home/user/next_ecommerce/vendor/laravel/framework/src/Illuminate/Console/Application.php:162
/home/user/next_ecommerce/vendor/laravel/framework/src/Illuminate/Foundation/Console/Kernel.php:400
/home/user/next_ecommerce/vendor/laravel/framework/src/Illuminate/Testing/PendingCommand.php:297
/home/user/next_ecommerce/vendor/laravel/framework/src/Illuminate/Testing/PendingCommand.php:484
/home/user/next_ecommerce/vendor/laravel/framework/src/Illuminate/Foundation/Testing/Concerns/InteractsWithConsole.php:80
/home/user/next_ecommerce/vendor/laravel/framework/src/Illuminate/Foundation/Testing/RefreshDatabase.php:47
/home/user/next_ecommerce/vendor/laravel/framework/src/Illuminate/Foundation/Testing/RefreshDatabase.php:22
/home/user/next_ecommerce/vendor/laravel/framework/src/Illuminate/Foundation/Testing/Concerns/InteractsWithTestCaseLifecycle.php:183
/home/user/next_ecommerce/vendor/laravel/framework/src/Illuminate/Foundation/Testing/Concerns/InteractsWithTestCaseLifecycle.php:84
/home/user/next_ecommerce/vendor/laravel/framework/src/Illuminate/Foundation/Testing/TestCase.php:40
/home/user/next_ecommerce/tests/TestCase.php:14

4) Tests\Unit\ChatControllerTest::test_agent_status_change
Illuminate\Database\QueryException: SQLSTATE[HY000]: General error: 1 table "chat_messages" already exists (Connection: sqlite, SQL: create table "chat_messages" ("id" integer primary key autoincrement not null, "chat_id" integer, "sender_id" integer not null, "receiver_id" integer not null, "message_content" text not null, "timestamp" datetime not null, "created_at" datetime, "updated_at" datetime))

/home/user/next_ecommerce/vendor/laravel/framework/src/Illuminate/Database/Connection.php:829
/home/user/next_ecommerce/vendor/laravel/framework/src/Illuminate/Database/Connection.php:783
/home/user/next_ecommerce/vendor/laravel/framework/src/Illuminate/Database/Connection.php:576
/home/user/next_ecommerce/vendor/laravel/framework/src/Illuminate/Database/Schema/Blueprint.php:110
/home/user/next_ecommerce/vendor/laravel/framework/src/Illuminate/Database/Schema/Builder.php:602
/home/user/next_ecommerce/vendor/laravel/framework/src/Illuminate/Database/Schema/Builder.php:456
/home/user/next_ecommerce/vendor/laravel/framework/src/Illuminate/Support/Facades/Facade.php:355
/home/user/next_ecommerce/database/migrations/2025_02_02_090142_create_chat_messages_table.php:14
/home/user/next_ecommerce/vendor/laravel/framework/src/Illuminate/Database/Migrations/Migrator.php:493
/home/user/next_ecommerce/vendor/laravel/framework/src/Illuminate/Database/Migrations/Migrator.php:410
/home/user/next_ecommerce/vendor/laravel/framework/src/Illuminate/Database/Migrations/Migrator.php:419
/home/user/next_ecommerce/vendor/laravel/framework/src/Illuminate/Database/Migrations/Migrator.php:216
/home/user/next_ecommerce/vendor/laravel/framework/src/Illuminate/Console/View/Components/Task.php:37
/home/user/next_ecommerce/vendor/laravel/framework/src/Illuminate/Database/Migrations/Migrator.php:756
/home/user/next_ecommerce/vendor/laravel/framework/src/Illuminate/Database/Migrations/Migrator.php:216
/home/user/next_ecommerce/vendor/laravel/framework/src/Illuminate/Database/Migrations/Migrator.php:181
/home/user/next_ecommerce/vendor/laravel/framework/src/Illuminate/Database/Migrations/Migrator.php:124
/home/user/next_ecommerce/vendor/laravel/framework/src/Illuminate/Database/Console/Migrations/MigrateCommand.php:90
/home/user/next_ecommerce/vendor/laravel/framework/src/Illuminate/Database/Migrations/Migrator.php:633
/home/user/next_ecommerce/vendor/laravel/framework/src/Illuminate/Database/Console/Migrations/MigrateCommand.php:83
/home/user/next_ecommerce/vendor/laravel/framework/src/Illuminate/Container/BoundMethod.php:36
/home/user/next_ecommerce/vendor/laravel/framework/src/Illuminate/Container/Util.php:41
/home/user/next_ecommerce/vendor/laravel/framework/src/Illuminate/Container/BoundMethod.php:93
/home/user/next_ecommerce/vendor/laravel/framework/src/Illuminate/Container/BoundMethod.php:35
/home/user/next_ecommerce/vendor/laravel/framework/src/Illuminate/Container/Container.php:662
/home/user/next_ecommerce/vendor/laravel/framework/src/Illuminate/Console/Command.php:211
/home/user/next_ecommerce/vendor/symfony/console/Command/Command.php:326
/home/user/next_ecommerce/vendor/laravel/framework/src/Illuminate/Console/Command.php:180
/home/user/next_ecommerce/vendor/symfony/console/Application.php:1078
/home/user/next_ecommerce/vendor/symfony/console/Application.php:324
/home/user/next_ecommerce/vendor/symfony/console/Application.php:175
/home/user/next_ecommerce/vendor/laravel/framework/src/Illuminate/Console/Application.php:162
/home/user/next_ecommerce/vendor/laravel/framework/src/Illuminate/Foundation/Console/Kernel.php:400
/home/user/next_ecommerce/vendor/laravel/framework/src/Illuminate/Testing/PendingCommand.php:297
/home/user/next_ecommerce/vendor/laravel/framework/src/Illuminate/Testing/PendingCommand.php:484
/home/user/next_ecommerce/vendor/laravel/framework/src/Illuminate/Foundation/Testing/Concerns/InteractsWithConsole.php:80
/home/user/next_ecommerce/vendor/laravel/framework/src/Illuminate/Foundation/Testing/RefreshDatabase.php:47
/home/user/next_ecommerce/vendor/laravel/framework/src/Illuminate/Foundation/Testing/RefreshDatabase.php:22
/home/user/next_ecommerce/vendor/laravel/framework/src/Illuminate/Foundation/Testing/Concerns/InteractsWithTestCaseLifecycle.php:183
/home/user/next_ecommerce/vendor/laravel/framework/src/Illuminate/Foundation/Testing/Concerns/InteractsWithTestCaseLifecycle.php:84
/home/user/next_ecommerce/vendor/laravel/framework/src/Illuminate/Foundation/Testing/TestCase.php:40
/home/user/next_ecommerce/tests/TestCase.php:14

Caused by
PDOException: SQLSTATE[HY000]: General error: 1 table "chat_messages" already exists

/home/user/next_ecommerce/vendor/laravel/framework/src/Illuminate/Database/Connection.php:581
/home/user/next_ecommerce/vendor/laravel/framework/src/Illuminate/Database/Connection.php:816
/home/user/next_ecommerce/vendor/laravel/framework/src/Illuminate/Database/Connection.php:783
/home/user/next_ecommerce/vendor/laravel/framework/src/Illuminate/Database/Connection.php:576
/home/user/next_ecommerce/vendor/laravel/framework/src/Illuminate/Database/Schema/Blueprint.php:110
/home/user/next_ecommerce/vendor/laravel/framework/src/Illuminate/Database/Schema/Builder.php:602
/home/user/next_ecommerce/vendor/laravel/framework/src/Illuminate/Database/Schema/Builder.php:456
/home/user/next_ecommerce/vendor/laravel/framework/src/Illuminate/Support/Facades/Facade.php:355
/home/user/next_ecommerce/database/migrations/2025_02_02_090142_create_chat_messages_table.php:14
/home/user/next_ecommerce/vendor/laravel/framework/src/Illuminate/Database/Migrations/Migrator.php:493
/home/user/next_ecommerce/vendor/laravel/framework/src/Illuminate/Database/Migrations/Migrator.php:410
/home/user/next_ecommerce/vendor/laravel/framework/src/Illuminate/Database/Migrations/Migrator.php:419
/home/user/next_ecommerce/vendor/laravel/framework/src/Illuminate/Database/Migrations/Migrator.php:216
/home/user/next_ecommerce/vendor/laravel/framework/src/Illuminate/Console/View/Components/Task.php:37
/home/user/next_ecommerce/vendor/laravel/framework/src/Illuminate/Database/Migrations/Migrator.php:756
/home/user/next_ecommerce/vendor/laravel/framework/src/Illuminate/Database/Migrations/Migrator.php:216
/home/user/next_ecommerce/vendor/laravel/framework/src/Illuminate/Database/Migrations/Migrator.php:181
/home/user/next_ecommerce/vendor/laravel/framework/src/Illuminate/Database/Migrations/Migrator.php:124
/home/user/next_ecommerce/vendor/laravel/framework/src/Illuminate/Database/Console/Migrations/MigrateCommand.php:90
/home/user/next_ecommerce/vendor/laravel/framework/src/Illuminate/Database/Migrations/Migrator.php:633
/home/user/next_ecommerce/vendor/laravel/framework/src/Illuminate/Database/Console/Migrations/MigrateCommand.php:83
/home/user/next_ecommerce/vendor/laravel/framework/src/Illuminate/Container/BoundMethod.php:36
/home/user/next_ecommerce/vendor/laravel/framework/src/Illuminate/Container/Util.php:41
/home/user/next_ecommerce/vendor/laravel/framework/src/Illuminate/Container/BoundMethod.php:93
/home/user/next_ecommerce/vendor/laravel/framework/src/Illuminate/Container/BoundMethod.php:35
/home/user/next_ecommerce/vendor/laravel/framework/src/Illuminate/Container/Container.php:662
/home/user/next_ecommerce/vendor/laravel/framework/src/Illuminate/Console/Command.php:211
/home/user/next_ecommerce/vendor/symfony/console/Command/Command.php:326
/home/user/next_ecommerce/vendor/laravel/framework/src/Illuminate/Console/Command.php:180
/home/user/next_ecommerce/vendor/symfony/console/Application.php:1078
/home/user/next_ecommerce/vendor/symfony/console/Application.php:324
/home/user/next_ecommerce/vendor/symfony/console/Application.php:175
/home/user/next_ecommerce/vendor/laravel/framework/src/Illuminate/Console/Application.php:162
/home/user/next_ecommerce/vendor/laravel/framework/src/Illuminate/Foundation/Console/Kernel.php:400
/home/user/next_ecommerce/vendor/laravel/framework/src/Illuminate/Testing/PendingCommand.php:297
/home/user/next_ecommerce/vendor/laravel/framework/src/Illuminate/Testing/PendingCommand.php:484
/home/user/next_ecommerce/vendor/laravel/framework/src/Illuminate/Foundation/Testing/Concerns/InteractsWithConsole.php:80
/home/user/next_ecommerce/vendor/laravel/framework/src/Illuminate/Foundation/Testing/RefreshDatabase.php:47
/home/user/next_ecommerce/vendor/laravel/framework/src/Illuminate/Foundation/Testing/RefreshDatabase.php:22
/home/user/next_ecommerce/vendor/laravel/framework/src/Illuminate/Foundation/Testing/Concerns/InteractsWithTestCaseLifecycle.php:183
/home/user/next_ecommerce/vendor/laravel/framework/src/Illuminate/Foundation/Testing/Concerns/InteractsWithTestCaseLifecycle.php:84
/home/user/next_ecommerce/vendor/laravel/framework/src/Illuminate/Foundation/Testing/TestCase.php:40
/home/user/next_ecommerce/tests/TestCase.php:14

5) Tests\Unit\ChatControllerTest::test_initiate_chat
Illuminate\Database\QueryException: SQLSTATE[HY000]: General error: 1 table "chat_messages" already exists (Connection: sqlite, SQL: create table "chat_messages" ("id" integer primary key autoincrement not null, "chat_id" integer, "sender_id" integer not null, "receiver_id" integer not null, "message_content" text not null, "timestamp" datetime not null, "created_at" datetime, "updated_at" datetime))

/home/user/next_ecommerce/vendor/laravel/framework/src/Illuminate/Database/Connection.php:829
/home/user/next_ecommerce/vendor/laravel/framework/src/Illuminate/Database/Connection.php:783
/home/user/next_ecommerce/vendor/laravel/framework/src/Illuminate/Database/Connection.php:576
/home/user/next_ecommerce/vendor/laravel/framework/src/Illuminate/Database/Schema/Blueprint.php:110
/home/user/next_ecommerce/vendor/laravel/framework/src/Illuminate/Database/Schema/Builder.php:602
/home/user/next_ecommerce/vendor/laravel/framework/src/Illuminate/Database/Schema/Builder.php:456
/home/user/next_ecommerce/vendor/laravel/framework/src/Illuminate/Support/Facades/Facade.php:355
/home/user/next_ecommerce/database/migrations/2025_02_02_090142_create_chat_messages_table.php:14
/home/user/next_ecommerce/vendor/laravel/framework/src/Illuminate/Database/Migrations/Migrator.php:493
/home/user/next_ecommerce/vendor/laravel/framework/src/Illuminate/Database/Migrations/Migrator.php:410
/home/user/next_ecommerce/vendor/laravel/framework/src/Illuminate/Database/Migrations/Migrator.php:419
/home/user/next_ecommerce/vendor/laravel/framework/src/Illuminate/Database/Migrations/Migrator.php:216
/home/user/next_ecommerce/vendor/laravel/framework/src/Illuminate/Console/View/Components/Task.php:37
/home/user/next_ecommerce/vendor/laravel/framework/src/Illuminate/Database/Migrations/Migrator.php:756
/home/user/next_ecommerce/vendor/laravel/framework/src/Illuminate/Database/Migrations/Migrator.php:216
/home/user/next_ecommerce/vendor/laravel/framework/src/Illuminate/Database/Migrations/Migrator.php:181
/home/user/next_ecommerce/vendor/laravel/framework/src/Illuminate/Database/Migrations/Migrator.php:124
/home/user/next_ecommerce/vendor/laravel/framework/src/Illuminate/Database/Console/Migrations/MigrateCommand.php:90
/home/user/next_ecommerce/vendor/laravel/framework/src/Illuminate/Database/Migrations/Migrator.php:633
/home/user/next_ecommerce/vendor/laravel/framework/src/Illuminate/Database/Console/Migrations/MigrateCommand.php:83
/home/user/next_ecommerce/vendor/laravel/framework/src/Illuminate/Container/BoundMethod.php:36
/home/user/next_ecommerce/vendor/laravel/framework/src/Illuminate/Container/Util.php:41
/home/user/next_ecommerce/vendor/laravel/framework/src/Illuminate/Container/BoundMethod.php:93
/home/user/next_ecommerce/vendor/laravel/framework/src/Illuminate/Container/BoundMethod.php:35
/home/user/next_ecommerce/vendor/laravel/framework/src/Illuminate/Container/Container.php:662
/home/user/next_ecommerce/vendor/laravel/framework/src/Illuminate/Console/Command.php:211
/home/user/next_ecommerce/vendor/symfony/console/Command/Command.php:326
/home/user/next_ecommerce/vendor/laravel/framework/src/Illuminate/Console/Command.php:180
/home/user/next_ecommerce/vendor/symfony/console/Application.php:1078
/home/user/next_ecommerce/vendor/symfony/console/Application.php:324
/home/user/next_ecommerce/vendor/symfony/console/Application.php:175
/home/user/next_ecommerce/vendor/laravel/framework/src/Illuminate/Console/Application.php:162
/home/user/next_ecommerce/vendor/laravel/framework/src/Illuminate/Foundation/Console/Kernel.php:400
/home/user/next_ecommerce/vendor/laravel/framework/src/Illuminate/Testing/PendingCommand.php:297
/home/user/next_ecommerce/vendor/laravel/framework/src/Illuminate/Testing/PendingCommand.php:484
/home/user/next_ecommerce/vendor/laravel/framework/src/Illuminate/Foundation/Testing/Concerns/InteractsWithConsole.php:80
/home/user/next_ecommerce/vendor/laravel/framework/src/Illuminate/Foundation/Testing/RefreshDatabase.php:47
/home/user/next_ecommerce/vendor/laravel/framework/src/Illuminate/Foundation/Testing/RefreshDatabase.php:22
/home/user/next_ecommerce/vendor/laravel/framework/src/Illuminate/Foundation/Testing/Concerns/InteractsWithTestCaseLifecycle.php:183
/home/user/next_ecommerce/vendor/laravel/framework/src/Illuminate/Foundation/Testing/Concerns/InteractsWithTestCaseLifecycle.php:84
/home/user/next_ecommerce/vendor/laravel/framework/src/Illuminate/Foundation/Testing/TestCase.php:40
/home/user/next_ecommerce/tests/TestCase.php:14

Caused by
PDOException: SQLSTATE[HY000]: General error: 1 table "chat_messages" already exists

/home/user/next_ecommerce/vendor/laravel/framework/src/Illuminate/Database/Connection.php:581
/home/user/next_ecommerce/vendor/laravel/framework/src/Illuminate/Database/Connection.php:816
/home/user/next_ecommerce/vendor/laravel/framework/src/Illuminate/Database/Connection.php:783
/home/user/next_ecommerce/vendor/laravel/framework/src/Illuminate/Database/Connection.php:576
/home/user/next_ecommerce/vendor/laravel/framework/src/Illuminate/Database/Schema/Blueprint.php:110
/home/user/next_ecommerce/vendor/laravel/framework/src/Illuminate/Database/Schema/Builder.php:602
/home/user/next_ecommerce/vendor/laravel/framework/src/Illuminate/Database/Schema/Builder.php:456
/home/user/next_ecommerce/vendor/laravel/framework/src/Illuminate/Support/Facades/Facade.php:355
/home/user/next_ecommerce/database/migrations/2025_02_02_090142_create_chat_messages_table.php:14
/home/user/next_ecommerce/vendor/laravel/framework/src/Illuminate/Database/Migrations/Migrator.php:493
/home/user/next_ecommerce/vendor/laravel/framework/src/Illuminate/Database/Migrations/Migrator.php:410
/home/user/next_ecommerce/vendor/laravel/framework/src/Illuminate/Database/Migrations/Migrator.php:419
/home/user/next_ecommerce/vendor/laravel/framework/src/Illuminate/Database/Migrations/Migrator.php:216
/home/user/next_ecommerce/vendor/laravel/framework/src/Illuminate/Console/View/Components/Task.php:37
/home/user/next_ecommerce/vendor/laravel/framework/src/Illuminate/Database/Migrations/Migrator.php:756
/home/user/next_ecommerce/vendor/laravel/framework/src/Illuminate/Database/Migrations/Migrator.php:216
/home/user/next_ecommerce/vendor/laravel/framework/src/Illuminate/Database/Migrations/Migrator.php:181
/home/user/next_ecommerce/vendor/laravel/framework/src/Illuminate/Database/Migrations/Migrator.php:124
/home/user/next_ecommerce/vendor/laravel/framework/src/Illuminate/Database/Console/Migrations/MigrateCommand.php:90
/home/user/next_ecommerce/vendor/laravel/framework/src/Illuminate/Database/Migrations/Migrator.php:633
/home/user/next_ecommerce/vendor/laravel/framework/src/Illuminate/Database/Console/Migrations/MigrateCommand.php:83
/home/user/next_ecommerce/vendor/laravel/framework/src/Illuminate/Container/BoundMethod.php:36
/home/user/next_ecommerce/vendor/laravel/framework/src/Illuminate/Container/Util.php:41
/home/user/next_ecommerce/vendor/laravel/framework/src/Illuminate/Container/BoundMethod.php:93
/home/user/next_ecommerce/vendor/laravel/framework/src/Illuminate/Container/BoundMethod.php:35
/home/user/next_ecommerce/vendor/laravel/framework/src/Illuminate/Container/Container.php:662
/home/user/next_ecommerce/vendor/laravel/framework/src/Illuminate/Console/Command.php:211
/home/user/next_ecommerce/vendor/symfony/console/Command/Command.php:326
/home/user/next_ecommerce/vendor/laravel/framework/src/Illuminate/Console/Command.php:180
/home/user/next_ecommerce/vendor/symfony/console/Application.php:1078
/home/user/next_ecommerce/vendor/symfony/console/Application.php:324
/home/user/next_ecommerce/vendor/symfony/console/Application.php:175
/home/user/next_ecommerce/vendor/laravel/framework/src/Illuminate/Console/Application.php:162
/home/user/next_ecommerce/vendor/laravel/framework/src/Illuminate/Foundation/Console/Kernel.php:400
/home/user/next_ecommerce/vendor/laravel/framework/src/Illuminate/Testing/PendingCommand.php:297
/home/user/next_ecommerce/vendor/laravel/framework/src/Illuminate/Testing/PendingCommand.php:484
/home/user/next_ecommerce/vendor/laravel/framework/src/Illuminate/Foundation/Testing/Concerns/InteractsWithConsole.php:80
/home/user/next_ecommerce/vendor/laravel/framework/src/Illuminate/Foundation/Testing/RefreshDatabase.php:47
/home/user/next_ecommerce/vendor/laravel/framework/src/Illuminate/Foundation/Testing/RefreshDatabase.php:22
/home/user/next_ecommerce/vendor/laravel/framework/src/Illuminate/Foundation/Testing/Concerns/InteractsWithTestCaseLifecycle.php:183
/home/user/next_ecommerce/vendor/laravel/framework/src/Illuminate/Foundation/Testing/Concerns/InteractsWithTestCaseLifecycle.php:84
/home/user/next_ecommerce/vendor/laravel/framework/src/Illuminate/Foundation/Testing/TestCase.php:40
/home/user/next_ecommerce/tests/TestCase.php:14

ERRORS!
Tests: 5, Assertions: 0, Errors: 5.
